// Jest Snapshot v1, https://goo.gl/fbAQLP

exports[`should render Expense summary with expenses 1`] = `
<div>
  <p>
    Viewing 
    3
     expenses 
    that total to 
    $0.00
  </p>
</div>
`;

exports[`should render Expense summary without expenses 1`] = `
<div>
  <p>
    Viewing 
    0
     expenses 
    that total to 
    $0.00
  </p>
</div>
`;
